// Jest Snapshot v1, https://goo.gl/fbAQLP

exports[`renders correctly 1`] = `
<View
  accessibilityIgnoresInvertColors={true}
  style={
    Object {
      "flex": 0.5,
    }
  }
>
  <Image
    blurRadius={15}
    resizeMode="cover"
    source={
      Object {
        "uri": undefined,
      }
    }
    style={
      Array [
        Object {
          "bottom": 0,
          "left": 0,
          "position": "absolute",
          "right": 0,
          "top": 0,
        },
        Object {
          "height": undefined,
          "width": undefined,
        },
        undefined,
      ]
    }
  />
  <View
    style={
      Object {
        "alignItems": "center",
        "backgroundColor": "rgba(255, 0, 0, 0.3)",
        "flex": 1,
        "flexDirection": "row",
        "justifyContent": "space-between",
        "padding": 40,
      }
    }
  >
    <View
      style={
        Array [
          Object {
            "backgroundColor": "#6200ee",
            "borderRadius": 50,
            "height": 100,
            "width": 100,
          },
          Object {
            "marginTop": 30,
          },
        ]
      }
    >
      <Image
        source={
          Object {
            "uri": undefined,
          }
        }
        style={
          Object {
            "borderRadius": 50,
            "height": 100,
            "width": 100,
          }
        }
      />
    </View>
    <View>
      <Text
        style={
          Array [
            Object {
              "color": "#000000",
              "fontFamily": "System",
              "fontWeight": "400",
            },
            Object {
              "textAlign": "left",
            },
            Array [
              Object {
                "textAlign": "left",
              },
              Object {
                "color": "rgba(0, 0, 0, 0.87)",
                "fontFamily": "System",
                "fontWeight": "500",
                "writingDirection": "ltr",
              },
              Array [
                Object {
                  "fontSize": 20,
                  "letterSpacing": 0.15,
                  "lineHeight": 30,
                  "marginVertical": 2,
                },
                Object {
                  "color": "white",
                  "fontSize": 30,
                  "marginTop": 50,
                  "textAlign": "center",
                  "textShadowColor": "#585858",
                  "textShadowOffset": Object {
                    "height": 1,
                    "width": 0,
                  },
                  "textShadowRadius": 15,
                },
              ],
            ],
          ]
        }
      />
      <Text
        style={
          Array [
            Object {
              "color": "#000000",
              "fontFamily": "System",
              "fontWeight": "400",
            },
            Object {
              "textAlign": "left",
            },
            Array [
              Object {
                "textAlign": "left",
              },
              Object {
                "color": "rgba(0, 0, 0, 0.54)",
                "fontFamily": "System",
                "fontWeight": "400",
                "writingDirection": "ltr",
              },
              Array [
                Object {
                  "fontSize": 12,
                  "letterSpacing": 0.4,
                  "lineHeight": 20,
                  "marginVertical": 2,
                },
                Object {
                  "color": "white",
                  "fontSize": 20,
                  "textAlign": "center",
                  "textShadowColor": "#585858",
                  "textShadowOffset": Object {
                    "height": 1,
                    "width": 0,
                  },
                  "textShadowRadius": 15,
                },
              ],
            ],
          ]
        }
      >
        Comment
        

        Karma
      </Text>
    </View>
    <View>
      <Text
        style={
          Array [
            Object {
              "color": "#000000",
              "fontFamily": "System",
              "fontWeight": "400",
            },
            Object {
              "textAlign": "left",
            },
            Array [
              Object {
                "textAlign": "left",
              },
              Object {
                "color": "rgba(0, 0, 0, 0.87)",
                "fontFamily": "System",
                "fontWeight": "500",
                "writingDirection": "ltr",
              },
              Array [
                Object {
                  "fontSize": 20,
                  "letterSpacing": 0.15,
                  "lineHeight": 30,
                  "marginVertical": 2,
                },
                Object {
                  "color": "white",
                  "fontSize": 30,
                  "marginTop": 50,
                  "textAlign": "center",
                  "textShadowColor": "#585858",
                  "textShadowOffset": Object {
                    "height": 1,
                    "width": 0,
                  },
                  "textShadowRadius": 15,
                },
              ],
            ],
          ]
        }
      />
      <Text
        style={
          Array [
            Object {
              "color": "#000000",
              "fontFamily": "System",
              "fontWeight": "400",
            },
            Object {
              "textAlign": "left",
            },
            Array [
              Object {
                "textAlign": "left",
              },
              Object {
                "color": "rgba(0, 0, 0, 0.54)",
                "fontFamily": "System",
                "fontWeight": "400",
                "writingDirection": "ltr",
              },
              Array [
                Object {
                  "fontSize": 12,
                  "letterSpacing": 0.4,
                  "lineHeight": 20,
                  "marginVertical": 2,
                },
                Object {
                  "color": "white",
                  "fontSize": 20,
                  "textAlign": "center",
                  "textShadowColor": "#585858",
                  "textShadowOffset": Object {
                    "height": 1,
                    "width": 0,
                  },
                  "textShadowRadius": 15,
                },
              ],
            ],
          ]
        }
      >
        Posts
        

        Karma
      </Text>
    </View>
  </View>
</View>
`;
